// Jest Snapshot v1, https://goo.gl/fbAQLP

exports[`With Snapshot Testing Portfolio component should render 1`] = `
<div>
  <p>
    Portfolio Markdown:
  </p>
  <p>
    Portfolio Data:
  </p>
  <div />
</div>
`;
